// Jest Snapshot v1, https://goo.gl/fbAQLP

exports[`should return a sum of all repositories without fail 1`] = `Array []`;
